
USER@DESKTOP-6ATRJKV MINGW64 /d/coding 2020/course-git-project (master)
$ git log --oneline
afe3e65 (HEAD -> master, origin/master, origin/HEAD) Update README.md
a3dc99a Center content on page
6f04ddd Add breakpoint for large-sized screens
50d835d Add breakpoint for medium-sized screens
0768f3d Add space around page edge
f9720a9 Style page header
8aa6668 Convert social links from text to images
c165069 Add divider between content/footer
39ff53c Add divider between main/side content
20a3470 Add missing profile picture
8d3ea36 Style 'read more' links
e6a8e07 Set paragraph line-height
4a60beb Set default text color
5de135a Set article timestamp color
921c387 Align article header content
7471693 Make article images responsive
8dec321 Add 'visuallyhidden' helper class
d638b69 Add article images
70f6352 Set default fonts
9a21730 Give body a default color
cdce4fa Add Normalize.css CSS reset to project
10ea3fe Add colors & set better box-sizing
fdf5493 Add sidebar content
8a11b3f Update article dates
4e16c7e Add article content
b4521d7 Add starting HTML structure
40e2199 Add starter files
9362088 Initial commit

USER@DESKTOP-6ATRJKV MINGW64 /d/coding 2020/course-git-project (master)
$ git tag -a   v1.0

USER@DESKTOP-6ATRJKV MINGW64 /d/coding 2020/course-git-project (master)
$ git tag
v1.0

USER@DESKTOP-6ATRJKV MINGW64 /d/coding 2020/course-git-project (master)
$ git log --oneline
afe3e65 (HEAD -> master, tag: v1.0, origin/master, origin/HEAD) Update README.md
a3dc99a Center content on page
6f04ddd Add breakpoint for large-sized screens
50d835d Add breakpoint for medium-sized screens
0768f3d Add space around page edge
f9720a9 Style page header
8aa6668 Convert social links from text to images
c165069 Add divider between content/footer
39ff53c Add divider between main/side content
20a3470 Add missing profile picture
8d3ea36 Style 'read more' links
e6a8e07 Set paragraph line-height
4a60beb Set default text color
5de135a Set article timestamp color
921c387 Align article header content
7471693 Make article images responsive
8dec321 Add 'visuallyhidden' helper class
d638b69 Add article images
70f6352 Set default fonts
9a21730 Give body a default color
cdce4fa Add Normalize.css CSS reset to project
10ea3fe Add colors & set better box-sizing
fdf5493 Add sidebar content
:...skipping...
afe3e65 (HEAD -> master, tag: v1.0, origin/master, origin/HEAD) Update README.md
a3dc99a Center content on page
6f04ddd Add breakpoint for large-sized screens
50d835d Add breakpoint for medium-sized screens
0768f3d Add space around page edge
f9720a9 Style page header
8aa6668 Convert social links from text to images
c165069 Add divider between content/footer
39ff53c Add divider between main/side content
20a3470 Add missing profile picture
8d3ea36 Style 'read more' links
e6a8e07 Set paragraph line-height
4a60beb Set default text color
5de135a Set article timestamp color
921c387 Align article header content
7471693 Make article images responsive
8dec321 Add 'visuallyhidden' helper class
d638b69 Add article images
70f6352 Set default fonts
9a21730 Give body a default color
cdce4fa Add Normalize.css CSS reset to project
10ea3fe Add colors & set better box-sizing
fdf5493 Add sidebar content
8a11b3f Update article dates
4e16c7e Add article content
b4521d7 Add starting HTML structure
40e2199 Add starter files
9362088 Initial commit
~
~
~
~
~
~
~
~
~
~
~
~
~
~
~
~
~
~
~
~
~

USER@DESKTOP-6ATRJKV MINGW64 /d/coding 2020/course-git-project (master)
$ git init
Reinitialized existing Git repository in D:/coding 2020/course-git-project/.git/

USER@DESKTOP-6ATRJKV MINGW64 /d/coding 2020/course-git-project (master)
$ git init
Initialized empty Git repository in D:/coding 2020/course-git-project/.git/

USER@DESKTOP-6ATRJKV MINGW64 /d/coding 2020/course-git-project (master)
$ git status
On branch master

No commits yet

Untracked files:
  (use "git add <file>..." to include in what will be committed)
        .editorconfig
        .eslintrc.json
        .gitattributes
        .gitignore
        .htmlhintrc
        .stylelintrc
        README.md
        css/
        img/
        index.html
        js/

nothing added to commit but untracked files present (use "git add" to track)

USER@DESKTOP-6ATRJKV MINGW64 /d/coding 2020/course-git-project (master)
$ git add.
git: 'add.' is not a git command. See 'git --help'.

The most similar command is
        add

USER@DESKTOP-6ATRJKV MINGW64 /d/coding 2020/course-git-project (master)
$ git add .

USER@DESKTOP-6ATRJKV MINGW64 /d/coding 2020/course-git-project (master)
$ git ststus
git: 'ststus' is not a git command. See 'git --help'.

The most similar command is
        status

USER@DESKTOP-6ATRJKV MINGW64 /d/coding 2020/course-git-project (master)
$ git status
On branch master

No commits yet

Changes to be committed:
  (use "git rm --cached <file>..." to unstage)
        new file:   .editorconfig
        new file:   .eslintrc.json
        new file:   .gitattributes
        new file:   .gitignore
        new file:   .htmlhintrc
        new file:   .stylelintrc
        new file:   README.md
        new file:   css/app.css
        new file:   css/normalize.min.css
        new file:   img/.gitkeep
        new file:   img/chasing-the-snow.jpg
        new file:   img/headerimage.jpg
        new file:   img/profilepic.jpg
        new file:   img/seeing-clearly.png
        new file:   img/social-google.png
        new file:   img/social-instagram.png
        new file:   img/social-twitter.png
        new file:   img/something-to-remember.jpg
        new file:   img/village-in-the-valley.jpg
        new file:   index.html
        new file:   js/app.js


USER@DESKTOP-6ATRJKV MINGW64 /d/coding 2020/course-git-project (master)
$ git commit -m "init commit"
[master (root-commit) f061c50] init commit
 21 files changed, 414 insertions(+)
 create mode 100644 .editorconfig
 create mode 100644 .eslintrc.json
 create mode 100644 .gitattributes
 create mode 100644 .gitignore
 create mode 100644 .htmlhintrc
 create mode 100644 .stylelintrc
 create mode 100644 README.md
 create mode 100644 css/app.css
 create mode 100644 css/normalize.min.css
 create mode 100644 img/.gitkeep
 create mode 100644 img/chasing-the-snow.jpg
 create mode 100644 img/headerimage.jpg
 create mode 100644 img/profilepic.jpg
 create mode 100644 img/seeing-clearly.png
 create mode 100644 img/social-google.png
 create mode 100644 img/social-instagram.png
 create mode 100644 img/social-twitter.png
 create mode 100644 img/something-to-remember.jpg
 create mode 100644 img/village-in-the-valley.jpg
 create mode 100644 index.html
 create mode 100644 js/app.js

USER@DESKTOP-6ATRJKV MINGW64 /d/coding 2020/course-git-project (master)
$ code index.html

USER@DESKTOP-6ATRJKV MINGW64 /d/coding 2020/course-git-project (master)
$ git ststus
git: 'ststus' is not a git command. See 'git --help'.

The most similar command is
        status

USER@DESKTOP-6ATRJKV MINGW64 /d/coding 2020/course-git-project (master)
$ git status
On branch master
Changes not staged for commit:
  (use "git add <file>..." to update what will be committed)
  (use "git restore <file>..." to discard changes in working directory)
        modified:   index.html

no changes added to commit (use "git add" and/or "git commit -a")

USER@DESKTOP-6ATRJKV MINGW64 /d/coding 2020/course-git-project (master)
$ git commit -a -m "creat main page"
[master 6e76754] creat main page
 1 file changed, 20 insertions(+)

USER@DESKTOP-6ATRJKV MINGW64 /d/coding 2020/course-git-project (master)
$ git branch
* master

USER@DESKTOP-6ATRJKV MINGW64 /d/coding 2020/course-git-project (master)
$ git status
On branch master
nothing to commit, working tree clean

USER@DESKTOP-6ATRJKV MINGW64 /d/coding 2020/course-git-project (master)
$ cd css

USER@DESKTOP-6ATRJKV MINGW64 /d/coding 2020/course-git-project/css (master)
$ code app.css

USER@DESKTOP-6ATRJKV MINGW64 /d/coding 2020/course-git-project/css (master)
$ cd ..

USER@DESKTOP-6ATRJKV MINGW64 /d/coding 2020/course-git-project (master)
$ git status
On branch master
Changes not staged for commit:
  (use "git add <file>..." to update what will be committed)
  (use "git restore <file>..." to discard changes in working directory)
        modified:   css/app.css

no changes added to commit (use "git add" and/or "git commit -a")

USER@DESKTOP-6ATRJKV MINGW64 /d/coding 2020/course-git-project (master)
$ git commit -a -m "add body backcolor"
[master 4deeb46] add body backcolor
 1 file changed, 5 insertions(+), 195 deletions(-)
 rewrite css/app.css (99%)

USER@DESKTOP-6ATRJKV MINGW64 /d/coding 2020/course-git-project (master)
$  git log
commit 4deeb46a9025c49dae175ba03d1773058199085c (HEAD -> master)
Author: waheeb alshamiry <whaib77@gmail.com>
Date:   Mon Aug 17 11:55:48 2020 +0300

    add body backcolor

commit 6e7675464bd31f1320c8b795eb62af19932f5013
Author: waheeb alshamiry <whaib77@gmail.com>
Date:   Mon Aug 17 11:50:29 2020 +0300

    creat main page

commit f061c5038a9e11821c8225fdf7fb9ce61c46ce5e
Author: waheeb alshamiry <whaib77@gmail.com>
Date:   Mon Aug 17 11:46:24 2020 +0300

    init commit

USER@DESKTOP-6ATRJKV MINGW64 /d/coding 2020/course-git-project (master)
$ git log --oneline --decoate
fatal: unrecognized argument: --decoate

USER@DESKTOP-6ATRJKV MINGW64 /d/coding 2020/course-git-project (master)
$ git log --oneline --decoarate
fatal: unrecognized argument: --decoarate

USER@DESKTOP-6ATRJKV MINGW64 /d/coding 2020/course-git-project (master)
$ git log --oneline --decorate
4deeb46 (HEAD -> master) add body backcolor
6e76754 creat main page
f061c50 init commit

USER@DESKTOP-6ATRJKV MINGW64 /d/coding 2020/course-git-project (master)
$ git branch sidebar --6e76754
error: unknown option `6e76754'
usage: git branch [<options>] [-r | -a] [--merged | --no-merged]
   or: git branch [<options>] [-l] [-f] <branch-name> [<start-point>]
   or: git branch [<options>] [-r] (-d | -D) <branch-name>...
   or: git branch [<options>] (-m | -M) [<old-branch>] <new-branch>
   or: git branch [<options>] (-c | -C) [<old-branch>] <new-branch>
   or: git branch [<options>] [-r | -a] [--points-at]
   or: git branch [<options>] [-r | -a] [--format]

Generic options
    -v, --verbose         show hash and subject, give twice for upstream branch
    -q, --quiet           suppress informational messages
    -t, --track           set up tracking mode (see git-pull(1))
    -u, --set-upstream-to <upstream>
                          change the upstream info
    --unset-upstream      unset the upstream info
    --color[=<when>]      use colored output
    -r, --remotes         act on remote-tracking branches
    --contains <commit>   print only branches that contain the commit
    --no-contains <commit>
                          print only branches that don't contain the commit
    --abbrev[=<n>]        use <n> digits to display SHA-1s

Specific git-branch actions:
    -a, --all             list both remote-tracking and local branches
    -d, --delete          delete fully merged branch
    -D                    delete branch (even if not merged)
    -m, --move            move/rename a branch and its reflog
    -M                    move/rename a branch, even if target exists
    -c, --copy            copy a branch and its reflog
    -C                    copy a branch, even if target exists
    -l, --list            list branch names
    --show-current        show current branch name
    --create-reflog       create the branch's reflog
    --edit-description    edit the description for the branch
    -f, --force           force creation, move/rename, deletion
    --merged <commit>     print only branches that are merged
    --no-merged <commit>  print only branches that are not merged
    --column[=<style>]    list branches in columns
    --sort <key>          field name to sort on
    --points-at <object>  print only branches of the object
    -i, --ignore-case     sorting and filtering are case insensitive
    --format <format>     format to use for the output


USER@DESKTOP-6ATRJKV MINGW64 /d/coding 2020/course-git-project (master)
$ git branch sidebar 6e76754

USER@DESKTOP-6ATRJKV MINGW64 /d/coding 2020/course-git-project (master)
$ git log --oneline --decorate
4deeb46 (HEAD -> master) add body backcolor
6e76754 (sidebar) creat main page
f061c50 init commit

USER@DESKTOP-6ATRJKV MINGW64 /d/coding 2020/course-git-project (master)
$ git cheackout sidebar
git: 'cheackout' is not a git command. See 'git --help'.

The most similar command is
        checkout

USER@DESKTOP-6ATRJKV MINGW64 /d/coding 2020/course-git-project (master)
$ git checkout sidebar
Switched to branch 'sidebar'

USER@DESKTOP-6ATRJKV MINGW64 /d/coding 2020/course-git-project (sidebar)
$ git branch
  master
* sidebar

USER@DESKTOP-6ATRJKV MINGW64 /d/coding 2020/course-git-project (sidebar)
$ git checkout master
Switched to branch 'master'

USER@DESKTOP-6ATRJKV MINGW64 /d/coding 2020/course-git-project (master)
$ git branch
* master
  sidebar

USER@DESKTOP-6ATRJKV MINGW64 /d/coding 2020/course-git-project (master)
$ git checkout sidebar
Switched to branch 'sidebar'

USER@DESKTOP-6ATRJKV MINGW64 /d/coding 2020/course-git-project (sidebar)
$ git branch
  master
* sidebar

USER@DESKTOP-6ATRJKV MINGW64 /d/coding 2020/course-git-project (sidebar)
$ git log --oneline --decorate
6e76754 (HEAD -> sidebar) creat main page
f061c50 init commit

USER@DESKTOP-6ATRJKV MINGW64 /d/coding 2020/course-git-project (sidebar)
$ git status
On branch sidebar
nothing to commit, working tree clean

USER@DESKTOP-6ATRJKV MINGW64 /d/coding 2020/course-git-project (sidebar)
$ code index.html

USER@DESKTOP-6ATRJKV MINGW64 /d/coding 2020/course-git-project (sidebar)
$ git status
On branch sidebar
Changes not staged for commit:
  (use "git add <file>..." to update what will be committed)
  (use "git restore <file>..." to discard changes in working directory)
        modified:   index.html

no changes added to commit (use "git add" and/or "git commit -a")

USER@DESKTOP-6ATRJKV MINGW64 /d/coding 2020/course-git-project (sidebar)
$ git commit -a -m "add sidebar to main page"
[sidebar d5dc524] add sidebar to main page
 1 file changed, 12 insertions(+), 2 deletions(-)

USER@DESKTOP-6ATRJKV MINGW64 /d/coding 2020/course-git-project (sidebar)
$ switched to branch 'master'
bash: switched: command not found

USER@DESKTOP-6ATRJKV MINGW64 /d/coding 2020/course-git-project (sidebar)
$ git checkout 'master'
Switched to branch 'master'

USER@DESKTOP-6ATRJKV MINGW64 /d/coding 2020/course-git-project (master)
$ code index.html

USER@DESKTOP-6ATRJKV MINGW64 /d/coding 2020/course-git-project (master)
$ git branch
* master
  sidebar

USER@DESKTOP-6ATRJKV MINGW64 /d/coding 2020/course-git-project (master)
$ code index.html

USER@DESKTOP-6ATRJKV MINGW64 /d/coding 2020/course-git-project (master)
$ git diff
diff --git a/index.html b/index.html
index 92de29d..5a9f812 100644
--- a/index.html
+++ b/index.html
@@ -11,7 +11,7 @@
         <!-- Header -->
         <header class="container">
             <div id="title">
-                <h1>Tunma Restaurant</h1>
+                <h4>Tunma Restaurant</h4>
                 <h2>We make the unforgettable taste</h2>
             </div>


USER@DESKTOP-6ATRJKV MINGW64 /d/coding 2020/course-git-project (master)
$ git commit -a -m "improve site headng"
[master b72aa46] improve site headng
 1 file changed, 1 insertion(+), 1 deletion(-)

USER@DESKTOP-6ATRJKV MINGW64 /d/coding 2020/course-git-project (master)
$ git branch footer master

USER@DESKTOP-6ATRJKV MINGW64 /d/coding 2020/course-git-project (master)
$ git log --oneline --decorate
b72aa46 (HEAD -> master, footer) improve site headng
4deeb46 add body backcolor
6e76754 creat main page
f061c50 init commit

USER@DESKTOP-6ATRJKV MINGW64 /d/coding 2020/course-git-project (master)
$ git log --oneline --decorate --graph --all
* b72aa46 (HEAD -> master, footer) improve site headng
* 4deeb46 add body backcolor
| * d5dc524 (sidebar) add sidebar to main page
|/
* 6e76754 creat main page
* f061c50 init commit

USER@DESKTOP-6ATRJKV MINGW64 /d/coding 2020/course-git-project (master)
$ git branch
  footer
* master
  sidebar

USER@DESKTOP-6ATRJKV MINGW64 /d/coding 2020/course-git-project (master)
$ git checkout footer
Switched to branch 'footer'

USER@DESKTOP-6ATRJKV MINGW64 /d/coding 2020/course-git-project (footer)
$ git branch
* footer
  master
  sidebar

USER@DESKTOP-6ATRJKV MINGW64 /d/coding 2020/course-git-project (footer)
$ code index.html

USER@DESKTOP-6ATRJKV MINGW64 /d/coding 2020/course-git-project (footer)
$ code index.html

USER@DESKTOP-6ATRJKV MINGW64 /d/coding 2020/course-git-project (footer)
$ git commit -a -m "improve footer"
[footer 45581cb] improve footer
 1 file changed, 10 insertions(+), 1 deletion(-)

USER@DESKTOP-6ATRJKV MINGW64 /d/coding 2020/course-git-project (footer)
$ git log --oneline --decorate --graph --all
* 45581cb (HEAD -> footer) improve footer
* b72aa46 (master) improve site headng
* 4deeb46 add body backcolor
| * d5dc524 (sidebar) add sidebar to main page
|/
* 6e76754 creat main page
* f061c50 init commit

USER@DESKTOP-6ATRJKV MINGW64 /d/coding 2020/course-git-project (footer)
